// Jest Snapshot v1, https://goo.gl/fbAQLP

exports[`Crawl should match the snapshot 1`] = `
ShallowWrapper {
  "length": 1,
  Symbol(enzyme.__root__): [Circular],
  Symbol(enzyme.__unrendered__): <Crawl
    crawlData={
        Array [
            Object {
              "episode_id": 4,
              "opening_crawl": "Opening Crawl Test",
              "release_date": "1977-05-25",
              "title": "A New Hope",
            },
            Object {
              "episode_id": 3,
              "opening_crawl": "Opening Crawl Test",
              "release_date": "1977-05-25",
              "title": "A New Snope",
            },
            Object {
              "episode_id": 3,
              "opening_crawl": "Opening Crawl Test",
              "release_date": "1977-05-25",
              "title": "A New Tommy Cornelius",
            },
            Object {
              "episode_id": 4,
              "opening_crawl": "Opening Crawl Test",
              "release_date": "1977-05-25",
              "title": "A New Hope",
            },
            Object {
              "episode_id": 3,
              "opening_crawl": "Opening Crawl Test",
              "release_date": "1977-05-25",
              "title": "A New Snope",
            },
            Object {
              "episode_id": 3,
              "opening_crawl": "Opening Crawl Test",
              "release_date": "1977-05-25",
              "title": "A New Tommy Cornelius",
            },
            Object {
              "episode_id": 3,
              "opening_crawl": "Opening Crawl Test",
              "release_date": "1977-05-25",
              "title": "A New Tommy Cornelius",
            },
          ]
    }
/>,
  Symbol(enzyme.__renderer__): Object {
    "batchedUpdates": [Function],
    "getNode": [Function],
    "render": [Function],
    "simulateEvent": [Function],
    "unmount": [Function],
  },
  Symbol(enzyme.__node__): Object {
    "instance": null,
    "key": undefined,
    "nodeType": "host",
    "props": Object {
      "children": <section
        className="crawl-container"
>
        <div
                className="crawl"
        >
                <div
                        className="title"
                >
                        <h1>
                                Episode 
                        </h1>
                        <h1>
                                A New Tommy Cornelius
                        </h1>
                </div>
                <p
                        className="crawl-text"
                />
                <p
                        className="crawl-text"
                >
                        Released 
                </p>
        </div>
</section>,
    },
    "ref": null,
    "rendered": Object {
      "instance": null,
      "key": undefined,
      "nodeType": "host",
      "props": Object {
        "children": <div
          className="crawl"
>
          <div
                    className="title"
          >
                    <h1>
                              Episode 
                    </h1>
                    <h1>
                              A New Tommy Cornelius
                    </h1>
          </div>
          <p
                    className="crawl-text"
          />
          <p
                    className="crawl-text"
          >
                    Released 
          </p>
</div>,
        "className": "crawl-container",
      },
      "ref": null,
      "rendered": Object {
        "instance": null,
        "key": undefined,
        "nodeType": "host",
        "props": Object {
          "children": Array [
            <div
              className="title"
>
              <h1>
                            Episode 
              </h1>
              <h1>
                            A New Tommy Cornelius
              </h1>
</div>,
            <p
              className="crawl-text"
/>,
            <p
              className="crawl-text"
>
              Released 
</p>,
          ],
          "className": "crawl",
        },
        "ref": null,
        "rendered": Array [
          Object {
            "instance": null,
            "key": undefined,
            "nodeType": "host",
            "props": Object {
              "children": Array [
                <h1>
                  Episode 
</h1>,
                <h1>
                  A New Tommy Cornelius
</h1>,
              ],
              "className": "title",
            },
            "ref": null,
            "rendered": Array [
              Object {
                "instance": null,
                "key": undefined,
                "nodeType": "host",
                "props": Object {
                  "children": Array [
                    "Episode ",
                    undefined,
                  ],
                },
                "ref": null,
                "rendered": Array [
                  "Episode ",
                  undefined,
                ],
                "type": "h1",
              },
              Object {
                "instance": null,
                "key": undefined,
                "nodeType": "host",
                "props": Object {
                  "children": "A New Tommy Cornelius",
                },
                "ref": null,
                "rendered": "A New Tommy Cornelius",
                "type": "h1",
              },
            ],
            "type": "div",
          },
          Object {
            "instance": null,
            "key": undefined,
            "nodeType": "host",
            "props": Object {
              "children": undefined,
              "className": "crawl-text",
            },
            "ref": null,
            "rendered": null,
            "type": "p",
          },
          Object {
            "instance": null,
            "key": undefined,
            "nodeType": "host",
            "props": Object {
              "children": Array [
                "Released ",
                undefined,
              ],
              "className": "crawl-text",
            },
            "ref": null,
            "rendered": Array [
              "Released ",
              undefined,
            ],
            "type": "p",
          },
        ],
        "type": "div",
      },
      "type": "section",
    },
    "type": "div",
  },
  Symbol(enzyme.__nodes__): Array [
    Object {
      "instance": null,
      "key": undefined,
      "nodeType": "host",
      "props": Object {
        "children": <section
          className="crawl-container"
>
          <div
                    className="crawl"
          >
                    <div
                              className="title"
                    >
                              <h1>
                                        Episode 
                              </h1>
                              <h1>
                                        A New Tommy Cornelius
                              </h1>
                    </div>
                    <p
                              className="crawl-text"
                    />
                    <p
                              className="crawl-text"
                    >
                              Released 
                    </p>
          </div>
</section>,
      },
      "ref": null,
      "rendered": Object {
        "instance": null,
        "key": undefined,
        "nodeType": "host",
        "props": Object {
          "children": <div
            className="crawl"
>
            <div
                        className="title"
            >
                        <h1>
                                    Episode 
                        </h1>
                        <h1>
                                    A New Tommy Cornelius
                        </h1>
            </div>
            <p
                        className="crawl-text"
            />
            <p
                        className="crawl-text"
            >
                        Released 
            </p>
</div>,
          "className": "crawl-container",
        },
        "ref": null,
        "rendered": Object {
          "instance": null,
          "key": undefined,
          "nodeType": "host",
          "props": Object {
            "children": Array [
              <div
                className="title"
>
                <h1>
                                Episode 
                </h1>
                <h1>
                                A New Tommy Cornelius
                </h1>
</div>,
              <p
                className="crawl-text"
/>,
              <p
                className="crawl-text"
>
                Released 
</p>,
            ],
            "className": "crawl",
          },
          "ref": null,
          "rendered": Array [
            Object {
              "instance": null,
              "key": undefined,
              "nodeType": "host",
              "props": Object {
                "children": Array [
                  <h1>
                    Episode 
</h1>,
                  <h1>
                    A New Tommy Cornelius
</h1>,
                ],
                "className": "title",
              },
              "ref": null,
              "rendered": Array [
                Object {
                  "instance": null,
                  "key": undefined,
                  "nodeType": "host",
                  "props": Object {
                    "children": Array [
                      "Episode ",
                      undefined,
                    ],
                  },
                  "ref": null,
                  "rendered": Array [
                    "Episode ",
                    undefined,
                  ],
                  "type": "h1",
                },
                Object {
                  "instance": null,
                  "key": undefined,
                  "nodeType": "host",
                  "props": Object {
                    "children": "A New Tommy Cornelius",
                  },
                  "ref": null,
                  "rendered": "A New Tommy Cornelius",
                  "type": "h1",
                },
              ],
              "type": "div",
            },
            Object {
              "instance": null,
              "key": undefined,
              "nodeType": "host",
              "props": Object {
                "children": undefined,
                "className": "crawl-text",
              },
              "ref": null,
              "rendered": null,
              "type": "p",
            },
            Object {
              "instance": null,
              "key": undefined,
              "nodeType": "host",
              "props": Object {
                "children": Array [
                  "Released ",
                  undefined,
                ],
                "className": "crawl-text",
              },
              "ref": null,
              "rendered": Array [
                "Released ",
                undefined,
              ],
              "type": "p",
            },
          ],
          "type": "div",
        },
        "type": "section",
      },
      "type": "div",
    },
  ],
  Symbol(enzyme.__options__): Object {
    "adapter": ReactSixteenAdapter {
      "options": Object {
        "enableComponentDidUpdateOnSetState": true,
      },
    },
  },
}
`;
